Traceback (most recent call last):
  File "/gpfs/home6/scur0009/TowardsSaferPretraining/venv/lib/python3.11/site-packages/huggingface_hub/utils/_http.py", line 402, in hf_raise_for_status
    response.raise_for_status()
  File "/gpfs/home6/scur0009/TowardsSaferPretraining/venv/lib/python3.11/site-packages/requests/models.py", line 1026, in raise_for_status
    raise HTTPError(http_error_msg, response=self)
requests.exceptions.HTTPError: 403 Client Error: Forbidden for url: https://huggingface.co/meta-llama/Llama-Guard-3-8B/resolve/main/config.json

The above exception was the direct cause of the following exception:

Traceback (most recent call last):
  File "/gpfs/home6/scur0009/TowardsSaferPretraining/venv/lib/python3.11/site-packages/transformers/utils/hub.py", line 479, in cached_files
    hf_hub_download(
  File "/gpfs/home6/scur0009/TowardsSaferPretraining/venv/lib/python3.11/site-packages/huggingface_hub/utils/_validators.py", line 114, in _inner_fn
    return fn(*args, **kwargs)
           ^^^^^^^^^^^^^^^^^^^
  File "/gpfs/home6/scur0009/TowardsSaferPretraining/venv/lib/python3.11/site-packages/huggingface_hub/file_download.py", line 1007, in hf_hub_download
    return _hf_hub_download_to_cache_dir(
           ^^^^^^^^^^^^^^^^^^^^^^^^^^^^^^
  File "/gpfs/home6/scur0009/TowardsSaferPretraining/venv/lib/python3.11/site-packages/huggingface_hub/file_download.py", line 1114, in _hf_hub_download_to_cache_dir
    _raise_on_head_call_error(head_call_error, force_download, local_files_only)
  File "/gpfs/home6/scur0009/TowardsSaferPretraining/venv/lib/python3.11/site-packages/huggingface_hub/file_download.py", line 1655, in _raise_on_head_call_error
    raise head_call_error
  File "/gpfs/home6/scur0009/TowardsSaferPretraining/venv/lib/python3.11/site-packages/huggingface_hub/file_download.py", line 1543, in _get_metadata_or_catch_error
    metadata = get_hf_file_metadata(
               ^^^^^^^^^^^^^^^^^^^^^
  File "/gpfs/home6/scur0009/TowardsSaferPretraining/venv/lib/python3.11/site-packages/huggingface_hub/utils/_validators.py", line 114, in _inner_fn
    return fn(*args, **kwargs)
           ^^^^^^^^^^^^^^^^^^^
  File "/gpfs/home6/scur0009/TowardsSaferPretraining/venv/lib/python3.11/site-packages/huggingface_hub/file_download.py", line 1460, in get_hf_file_metadata
    r = _request_wrapper(
        ^^^^^^^^^^^^^^^^^
  File "/gpfs/home6/scur0009/TowardsSaferPretraining/venv/lib/python3.11/site-packages/huggingface_hub/file_download.py", line 283, in _request_wrapper
    response = _request_wrapper(
               ^^^^^^^^^^^^^^^^^
  File "/gpfs/home6/scur0009/TowardsSaferPretraining/venv/lib/python3.11/site-packages/huggingface_hub/file_download.py", line 307, in _request_wrapper
    hf_raise_for_status(response)
  File "/gpfs/home6/scur0009/TowardsSaferPretraining/venv/lib/python3.11/site-packages/huggingface_hub/utils/_http.py", line 419, in hf_raise_for_status
    raise _format(GatedRepoError, message, response) from e
huggingface_hub.errors.GatedRepoError: 403 Client Error. (Request ID: Root=1-69702b77-390dee8d0861e0137825fe24;e2903984-d125-4462-b215-59cd967c2cf2)

Cannot access gated repo for url https://huggingface.co/meta-llama/Llama-Guard-3-8B/resolve/main/config.json.
Access to model meta-llama/Llama-Guard-3-8B is restricted and you are not in the authorized list. Visit https://huggingface.co/meta-llama/Llama-Guard-3-8B to ask for access.

The above exception was the direct cause of the following exception:

Traceback (most recent call last):
  File "/gpfs/home6/scur0009/TowardsSaferPretraining/scripts/evaluate_openai_moderation.py", line 216, in <module>
    raise SystemExit(main())
                     ^^^^^^
  File "/gpfs/home6/scur0009/TowardsSaferPretraining/scripts/evaluate_openai_moderation.py", line 150, in main
    LlamaGuard(model_name=args.llama_guard_model or LlamaGuard.MODEL_NAME, device=args.device, prompt_mode="focused"),
    ^^^^^^^^^^^^^^^^^^^^^^^^^^^^^^^^^^^^^^^^^^^^^^^^^^^^^^^^^^^^^^^^^^^^^^^^^^^^^^^^^^^^^^^^^^^^^^^^^^^^^^^^^^^^^^^^^
  File "/gpfs/home6/scur0009/TowardsSaferPretraining/src/clients/llama_guard.py", line 146, in __init__
    self.tokenizer = AutoTokenizer.from_pretrained(model_name, token=hf_token)  # type: ignore
                     ^^^^^^^^^^^^^^^^^^^^^^^^^^^^^^^^^^^^^^^^^^^^^^^^^^^^^^^^^
  File "/gpfs/home6/scur0009/TowardsSaferPretraining/venv/lib/python3.11/site-packages/transformers/models/auto/tokenization_auto.py", line 1109, in from_pretrained
    config = AutoConfig.from_pretrained(
             ^^^^^^^^^^^^^^^^^^^^^^^^^^^
  File "/gpfs/home6/scur0009/TowardsSaferPretraining/venv/lib/python3.11/site-packages/transformers/models/auto/configuration_auto.py", line 1332, in from_pretrained
    config_dict, unused_kwargs = PretrainedConfig.get_config_dict(pretrained_model_name_or_path, **kwargs)
                                 ^^^^^^^^^^^^^^^^^^^^^^^^^^^^^^^^^^^^^^^^^^^^^^^^^^^^^^^^^^^^^^^^^^^^^^^^^
  File "/gpfs/home6/scur0009/TowardsSaferPretraining/venv/lib/python3.11/site-packages/transformers/configuration_utils.py", line 662, in get_config_dict
    config_dict, kwargs = cls._get_config_dict(pretrained_model_name_or_path, **kwargs)
                          ^^^^^^^^^^^^^^^^^^^^^^^^^^^^^^^^^^^^^^^^^^^^^^^^^^^^^^^^^^^^^
  File "/gpfs/home6/scur0009/TowardsSaferPretraining/venv/lib/python3.11/site-packages/transformers/configuration_utils.py", line 721, in _get_config_dict
    resolved_config_file = cached_file(
                           ^^^^^^^^^^^^
  File "/gpfs/home6/scur0009/TowardsSaferPretraining/venv/lib/python3.11/site-packages/transformers/utils/hub.py", line 322, in cached_file
    file = cached_files(path_or_repo_id=path_or_repo_id, filenames=[filename], **kwargs)
           ^^^^^^^^^^^^^^^^^^^^^^^^^^^^^^^^^^^^^^^^^^^^^^^^^^^^^^^^^^^^^^^^^^^^^^^^^^^^^
  File "/gpfs/home6/scur0009/TowardsSaferPretraining/venv/lib/python3.11/site-packages/transformers/utils/hub.py", line 543, in cached_files
    raise OSError(
OSError: You are trying to access a gated repo.
Make sure to have access to it at https://huggingface.co/meta-llama/Llama-Guard-3-8B.
403 Client Error. (Request ID: Root=1-69702b77-390dee8d0861e0137825fe24;e2903984-d125-4462-b215-59cd967c2cf2)

Cannot access gated repo for url https://huggingface.co/meta-llama/Llama-Guard-3-8B/resolve/main/config.json.
Access to model meta-llama/Llama-Guard-3-8B is restricted and you are not in the authorized list. Visit https://huggingface.co/meta-llama/Llama-Guard-3-8B to ask for access.
Error: Baselines (local) failed
